main.c:65:6:display7SEG	16	static
main.c:162:6:clearLED	8	static
main.c:167:6:update7SEG	16	static
main.c:187:6:updateClockBuffer	4	static
main.c:205:6:turnOffAllMatrixColumn	8	static
main.c:216:6:setMatrixRowData	16	static
main.c:226:6:updateLEDMatrix	16	static
main.c:265:5:main	16	static
main.c:344:6:SystemClock_Config	72	static
main.c:380:13:MX_TIM2_Init	32	static
main.c:425:13:MX_GPIO_Init	32	static
main.c:474:6:HAL_TIM_PeriodElapsedCallback	16	static
main.c:482:6:Error_Handler	4	static,ignoring_inline_asm
